
         /\      Grafana   /‾‾/  
    /\  /  \     |\  __   /  /   
   /  \/    \    | |/ /  /   ‾‾\ 
  /          \   |   (  |  (‾)  |
 / __________ \  |_|\_\  \_____/ 


     execution: local
        script: k6/scenarios/peak-reservation-create-race.js
        output: -

     scenarios: (100.00%) 1 scenario, 50 max VUs, 1m0s max duration (incl. graceful stop):
              * peak_create_race: 1 iterations for each of 50 VUs (maxDuration: 30s, gracefulStop: 30s)


Run                [ 100% ] setup()
peak_create_race   [   0% ]

Run                [ 100% ] setup()
peak_create_race   [   0% ]

Run                [ 100% ] setup()
peak_create_race   [   0% ]

Run                [ 100% ] setup()
peak_create_race   [   0% ]

Run                [ 100% ] setup()
peak_create_race   [   0% ]

Run                [ 100% ] setup()
peak_create_race   [   0% ]

Run                [ 100% ] setup()
peak_create_race   [   0% ]

Run                [ 100% ] setup()
peak_create_race   [   0% ]

Run                [ 100% ] setup()
peak_create_race   [   0% ]
time="2026-08-11T18:04:04+09:00" level=info msg="teardown 검증 성공: 회차 8845는 경쟁 종료 후에도 CREATE 배타 선점이 유지된다(정합성 위반 없음)." source=console


  █ TOTAL RESULTS 

    checks_total.......: 1       0.10729/s
    checks_succeeded...: 100.00% 1 out of 1
    checks_failed......: 0.00%   0 out of 1

    ✓ peak_create_race: 성공 응답 body.success

    CUSTOM
    peak_create_race_conflict......: 49     5.25721/s
    peak_create_race_success.......: 1      0.10729/s

    HTTP
    http_req_duration..............: avg=107.29ms min=6.51ms  med=85.74ms  max=289.32ms p(90)=210.91ms p(95)=248.9ms 
      { expected_response:true }...: avg=82.77ms  min=6.51ms  med=83.88ms  max=126.33ms p(90)=93.39ms  p(95)=99.3ms  
    http_req_failed................: 31.44% 50 out of 159
    http_reqs......................: 159    17.05911/s

    EXECUTION
    iteration_duration.............: avg=162.58ms min=23.08ms med=166.34ms max=291.15ms p(90)=265.02ms p(95)=278.61ms
    iterations.....................: 50     5.3645/s
    vus............................: 0      min=0         max=0 
    vus_max........................: 50     min=50        max=50

    NETWORK
    data_received..................: 98 kB  11 kB/s
    data_sent......................: 51 kB  5.4 kB/s




running (0m09.3s), 00/50 VUs, 50 complete and 0 interrupted iterations
peak_create_race ✓ [ 100% ] 50 VUs  00.3s/30s  50/50 iters, 1 per VU
