
         /\      Grafana   /‾‾/  
    /\  /  \     |\  __   /  /   
   /  \/    \    | |/ /  /   ‾‾\ 
  /          \   |   (  |  (‾)  |
 / __________ \  |_|\_\  \_____/ 


     execution: local
        script: k6/scenarios/peak-reservation-create-race.js
        output: -

     scenarios: (100.00%) 1 scenario, 10 max VUs, 1m0s max duration (incl. graceful stop):
              * peak_create_race: 1 iterations for each of 10 VUs (maxDuration: 30s, gracefulStop: 30s)


Run                [ 100% ] setup()
peak_create_race   [   0% ]

Run                [ 100% ] setup()
peak_create_race   [   0% ]
time="2026-08-11T18:03:51+09:00" level=info msg="teardown 검증 성공: 회차 8841는 경쟁 종료 후에도 CREATE 배타 선점이 유지된다(정합성 위반 없음)." source=console


  █ TOTAL RESULTS 

    checks_total.......: 1       0.476908/s
    checks_succeeded...: 100.00% 1 out of 1
    checks_failed......: 0.00%   0 out of 1

    ✓ peak_create_race: 성공 응답 body.success

    CUSTOM
    peak_create_race_conflict......: 9      4.292173/s
    peak_create_race_success.......: 1      0.476908/s

    HTTP
    http_req_duration..............: avg=60.84ms min=7.52ms med=78.74ms max=95.51ms p(90)=86.5ms  p(95)=89.34ms
      { expected_response:true }...: avg=70.53ms min=7.52ms med=80.09ms max=95.51ms p(90)=88.85ms p(95)=89.83ms
    http_req_failed................: 25.64% 10 out of 39
    http_reqs......................: 39     18.599416/s

    EXECUTION
    iteration_duration.............: avg=34.36ms min=17.4ms med=34ms    max=51.74ms p(90)=48.51ms p(95)=50.13ms
    iterations.....................: 10     4.769081/s
    vus............................: 0      min=0        max=0 
    vus_max........................: 10     min=10       max=10

    NETWORK
    data_received..................: 24 kB  12 kB/s
    data_sent......................: 13 kB  6.0 kB/s




running (0m02.1s), 00/10 VUs, 10 complete and 0 interrupted iterations
peak_create_race ✓ [ 100% ] 10 VUs  00.1s/30s  10/10 iters, 1 per VU
